../Core/Src/main.c:57:9:menuOpenSelectionMonitor	8	static
../Core/Src/main.c:70:6:isUserWantToSeeMenu	16	static
../Core/Src/main.c:84:6:SelectedMenu	88	static
../Core/Src/main.c:202:6:host_menu	16	static
../Core/Src/main.c:239:5:main	8	static
../Core/Src/main.c:282:6:SystemClock_Config	88	static
../Core/Src/main.c:327:13:MX_USART3_UART_Init	8	static
../Core/Src/main.c:345:13:MX_GPIO_Init	40	static
../Core/Src/main.c:397:13:MX_CRC_Init	8	static
../Core/Src/main.c:408:6:Error_Handler	4	static,ignoring_inline_asm
